Copyright 1986-2019 Xilinx, Inc. All Rights Reserved.
-------------------------------------------------------------------------------------------------------------------------------
| Tool Version : Vivado v.2019.2 (win64) Build 2708876 Wed Nov  6 21:40:23 MST 2019
| Date         : Fri Feb 12 18:52:22 2021
| Host         : DESKTOP-K2FOLNH running 64-bit major release  (build 9200)
| Command      : report_utilization -file re2_copro_wrapper_utilization_placed.rpt -pb re2_copro_wrapper_utilization_placed.pb
| Design       : re2_copro_wrapper
| Device       : xczu3egsbva484-1
| Design State : Fully Placed
-------------------------------------------------------------------------------------------------------------------------------

Utilization Design Information

Table of Contents
-----------------
1. CLB Logic
1.1 Summary of Registers by Type
2. CLB Logic Distribution
3. BLOCKRAM
4. ARITHMETIC
5. I/O
6. CLOCK
7. ADVANCED
8. CONFIGURATION
9. Primitives
10. Black Boxes
11. Instantiated Netlists

1. CLB Logic
------------

+----------------------------+------+-------+-----------+-------+
|          Site Type         | Used | Fixed | Available | Util% |
+----------------------------+------+-------+-----------+-------+
| CLB LUTs                   | 5415 |     0 |     70560 |  7.67 |
|   LUT as Logic             | 5148 |     0 |     70560 |  7.30 |
|   LUT as Memory            |  267 |     0 |     28800 |  0.93 |
|     LUT as Distributed RAM |  176 |     0 |           |       |
|     LUT as Shift Register  |   91 |     0 |           |       |
| CLB Registers              | 4467 |     0 |    141120 |  3.17 |
|   Register as Flip Flop    | 4467 |     0 |    141120 |  3.17 |
|   Register as Latch        |    0 |     0 |    141120 |  0.00 |
| CARRY8                     |   34 |     0 |      8820 |  0.39 |
| F7 Muxes                   |   16 |     0 |     35280 |  0.05 |
| F8 Muxes                   |    0 |     0 |     17640 |  0.00 |
| F9 Muxes                   |    0 |     0 |      8820 |  0.00 |
+----------------------------+------+-------+-----------+-------+


1.1 Summary of Registers by Type
--------------------------------

+-------+--------------+-------------+--------------+
| Total | Clock Enable | Synchronous | Asynchronous |
+-------+--------------+-------------+--------------+
| 0     |            _ |           - |            - |
| 0     |            _ |           - |          Set |
| 0     |            _ |           - |        Reset |
| 0     |            _ |         Set |            - |
| 0     |            _ |       Reset |            - |
| 0     |          Yes |           - |            - |
| 66    |          Yes |           - |          Set |
| 138   |          Yes |           - |        Reset |
| 81    |          Yes |         Set |            - |
| 4182  |          Yes |       Reset |            - |
+-------+--------------+-------------+--------------+


2. CLB Logic Distribution
-------------------------

+--------------------------------------------+------+-------+-----------+-------+
|                  Site Type                 | Used | Fixed | Available | Util% |
+--------------------------------------------+------+-------+-----------+-------+
| CLB                                        | 1081 |     0 |      8820 | 12.26 |
|   CLBL                                     |  702 |     0 |           |       |
|   CLBM                                     |  379 |     0 |           |       |
| LUT as Logic                               | 5148 |     0 |     70560 |  7.30 |
|   using O5 output only                     |  118 |       |           |       |
|   using O6 output only                     | 3828 |       |           |       |
|   using O5 and O6                          | 1202 |       |           |       |
| LUT as Memory                              |  267 |     0 |     28800 |  0.93 |
|   LUT as Distributed RAM                   |  176 |     0 |           |       |
|     using O5 output only                   |    0 |       |           |       |
|     using O6 output only                   |    0 |       |           |       |
|     using O5 and O6                        |  176 |       |           |       |
|   LUT as Shift Register                    |   91 |     0 |           |       |
|     using O5 output only                   |    0 |       |           |       |
|     using O6 output only                   |   91 |       |           |       |
|     using O5 and O6                        |    0 |       |           |       |
| CLB Registers                              | 4467 |     0 |    141120 |  3.17 |
|   Register driven from within the CLB      | 2225 |       |           |       |
|   Register driven from outside the CLB     | 2242 |       |           |       |
|     LUT in front of the register is unused | 1242 |       |           |       |
|     LUT in front of the register is used   | 1000 |       |           |       |
| Unique Control Sets                        |  312 |       |     17640 |  1.77 |
+--------------------------------------------+------+-------+-----------+-------+
* Note: Available Control Sets calculated as CLB Registers / 8, Review the Control Sets Report for more information regarding control sets.


3. BLOCKRAM
-----------

+-------------------+------+-------+-----------+-------+
|     Site Type     | Used | Fixed | Available | Util% |
+-------------------+------+-------+-----------+-------+
| Block RAM Tile    |   21 |     0 |       216 |  9.72 |
|   RAMB36/FIFO*    |    9 |     0 |       216 |  4.17 |
|     RAMB36E2 only |    9 |       |           |       |
|   RAMB18          |   24 |     0 |       432 |  5.56 |
|     RAMB18E2 only |   24 |       |           |       |
+-------------------+------+-------+-----------+-------+
* Note: Each Block RAM Tile only has one FIFO logic available and therefore can accommodate only one FIFO36E2 or one FIFO18E2. However, if a FIFO18E2 occupies a Block RAM Tile, that tile can still accommodate a RAMB18E2


4. ARITHMETIC
-------------

+-----------+------+-------+-----------+-------+
| Site Type | Used | Fixed | Available | Util% |
+-----------+------+-------+-----------+-------+
| DSPs      |    0 |     0 |       360 |  0.00 |
+-----------+------+-------+-----------+-------+


5. I/O
------

+------------------+------+-------+-----------+-------+
|     Site Type    | Used | Fixed | Available | Util% |
+------------------+------+-------+-----------+-------+
| Bonded IOB       |    0 |     0 |        82 |  0.00 |
| HPIOB_M          |    0 |     0 |        26 |  0.00 |
| HPIOB_S          |    0 |     0 |        26 |  0.00 |
| HDIOB_M          |    0 |     0 |        12 |  0.00 |
| HDIOB_S          |    0 |     0 |        12 |  0.00 |
| HPIOB_SNGL       |    0 |     0 |         6 |  0.00 |
| HPIOBDIFFINBUF   |    0 |     0 |        72 |  0.00 |
| HPIOBDIFFOUTBUF  |    0 |     0 |        72 |  0.00 |
| HDIOBDIFFINBUF   |    0 |     0 |        48 |  0.00 |
| BITSLICE_CONTROL |    0 |     0 |        24 |  0.00 |
| BITSLICE_RX_TX   |    0 |     0 |       156 |  0.00 |
| BITSLICE_TX      |    0 |     0 |        24 |  0.00 |
| RIU_OR           |    0 |     0 |        12 |  0.00 |
+------------------+------+-------+-----------+-------+


6. CLOCK
--------

+----------------------+------+-------+-----------+-------+
|       Site Type      | Used | Fixed | Available | Util% |
+----------------------+------+-------+-----------+-------+
| GLOBAL CLOCK BUFFERs |    2 |     0 |       196 |  1.02 |
|   BUFGCE             |    1 |     0 |        88 |  1.14 |
|   BUFGCE_DIV         |    0 |     0 |        12 |  0.00 |
|   BUFG_PS            |    1 |     0 |        72 |  1.39 |
|   BUFGCTRL*          |    0 |     0 |        24 |  0.00 |
| PLL                  |    0 |     0 |         6 |  0.00 |
| MMCM                 |    0 |     0 |         3 |  0.00 |
+----------------------+------+-------+-----------+-------+
* Note: Each used BUFGCTRL counts as two GLOBAL CLOCK BUFFERs. This table does not include global clocking resources, only buffer cell usage. See the Clock Utilization Report (report_clock_utilization) for detailed accounting of global clocking resource availability.


7. ADVANCED
-----------

+-----------+------+-------+-----------+--------+
| Site Type | Used | Fixed | Available |  Util% |
+-----------+------+-------+-----------+--------+
| PS8       |    1 |     0 |         1 | 100.00 |
| SYSMONE4  |    0 |     0 |         1 |   0.00 |
+-----------+------+-------+-----------+--------+


8. CONFIGURATION
----------------

+-------------+------+-------+-----------+-------+
|  Site Type  | Used | Fixed | Available | Util% |
+-------------+------+-------+-----------+-------+
| BSCANE2     |    0 |     0 |         4 |  0.00 |
| DNA_PORTE2  |    0 |     0 |         1 |  0.00 |
| EFUSE_USR   |    0 |     0 |         1 |  0.00 |
| FRAME_ECCE4 |    0 |     0 |         1 |  0.00 |
| ICAPE3      |    0 |     0 |         2 |  0.00 |
| MASTER_JTAG |    0 |     0 |         1 |  0.00 |
| STARTUPE3   |    0 |     0 |         1 |  0.00 |
+-------------+------+-------+-----------+-------+


9. Primitives
-------------

+----------+------+---------------------+
| Ref Name | Used | Functional Category |
+----------+------+---------------------+
| FDRE     | 4182 |            Register |
| LUT6     | 2611 |                 CLB |
| LUT5     | 1276 |                 CLB |
| LUT3     |  922 |                 CLB |
| LUT4     |  895 |                 CLB |
| LUT2     |  495 |                 CLB |
| RAMD32   |  308 |                 CLB |
| LUT1     |  151 |                 CLB |
| FDCE     |  138 |            Register |
| FDSE     |   81 |            Register |
| SRLC32E  |   70 |                 CLB |
| FDPE     |   66 |            Register |
| RAMS32   |   44 |                 CLB |
| CARRY8   |   34 |                 CLB |
| RAMB18E2 |   24 |           Block Ram |
| SRL16E   |   21 |                 CLB |
| MUXF7    |   16 |                 CLB |
| RAMB36E2 |    9 |           Block Ram |
| PS8      |    1 |            Advanced |
| BUFG_PS  |    1 |               Clock |
| BUFGCE   |    1 |               Clock |
+----------+------+---------------------+


10. Black Boxes
---------------

+----------+------+
| Ref Name | Used |
+----------+------+


11. Instantiated Netlists
-------------------------

+-------------------------------+------+
|            Ref Name           | Used |
+-------------------------------+------+
| re2_copro_zynq_ultra_ps_e_0_0 |    1 |
| re2_copro_xbar_1              |    1 |
| re2_copro_rst_ps8_0_100M_0    |    1 |
| re2_copro_re2_copro_0_1       |    1 |
| re2_copro_auto_pc_1           |    1 |
| re2_copro_auto_pc_0           |    1 |
| re2_copro_auto_ds_1           |    1 |
| re2_copro_auto_ds_0           |    1 |
+-------------------------------+------+


