#-----------------------------------------------------------
# Webtalk v2019.2 (64-bit)
# SW Build 2708876 on Wed Nov  6 21:40:23 MST 2019
# IP Build 2700528 on Thu Nov  7 00:09:20 MST 2019
# Start of session at: Fri Feb 12 15:21:00 2021
# Process ID: 4036
# Current directory: C:/Users/danie/Documents/GitHub/regex_coprocessor_safe/proj/regex_copro/regex_copro.sim/sim_1/behav/xsim
# Command line: wbtcv.exe -mode batch -source C:/Users/danie/Documents/GitHub/regex_coprocessor_safe/proj/regex_copro/regex_copro.sim/sim_1/behav/xsim/xsim.dir/AXI_top_tb_from_file_behav/webtalk/xsim_webtalk.tcl -notrace
# Log file: C:/Users/danie/Documents/GitHub/regex_coprocessor_safe/proj/regex_copro/regex_copro.sim/sim_1/behav/xsim/webtalk.log
# Journal file: C:/Users/danie/Documents/GitHub/regex_coprocessor_safe/proj/regex_copro/regex_copro.sim/sim_1/behav/xsim\webtalk.jou
#-----------------------------------------------------------
source C:/Users/danie/Documents/GitHub/regex_coprocessor_safe/proj/regex_copro/regex_copro.sim/sim_1/behav/xsim/xsim.dir/AXI_top_tb_from_file_behav/webtalk/xsim_webtalk.tcl -notrace
